{
    "Laetiporus_sulphureus - fasta": {
        "content": [
            {
                "0": [
                    [
                        {
                            "id": "Laetiporus_sulphureus"
                        },
                        "Laetiporus_sulphureus_autofiltered.txt:md5,3f06dd6d48d385368efcebeef4864ada"
                    ]
                ],
                "1": [
                    [
                        {
                            "id": "Laetiporus_sulphureus"
                        },
                        "Laetiporus_sulphureus_removed_scaffolds.txt:md5,9e683a21789e2035fadb4bf713fa2210"
                    ]
                ],
                "2": [
                    [
                        {
                            "id": "Laetiporus_sulphureus"
                        },
                        "Laetiporus_sulphureus_ABNORMAL_CHECK.csv:md5,cccf4a91f7593dd4f43c0088c1d16434"
                    ]
                ],
                "3": [
                    [
                        "AUTOFILTER_AUTOFILTER",
                        "python",
                        "3.14.3"
                    ]
                ],
                "4": [
                    [
                        "AUTOFILTER_AUTOFILTER",
                        "autofilter",
                        "1.1.0"
                    ]
                ],
                "fcs_tiara_summary": [
                    [
                        {
                            "id": "Laetiporus_sulphureus"
                        },
                        "Laetiporus_sulphureus_ABNORMAL_CHECK.csv:md5,cccf4a91f7593dd4f43c0088c1d16434"
                    ]
                ],
                "keep_scaffs": [
                    [
                        {
                            "id": "Laetiporus_sulphureus"
                        },
                        "Laetiporus_sulphureus_autofiltered.txt:md5,3f06dd6d48d385368efcebeef4864ada"
                    ]
                ],
                "remove_scaffolds": [
                    [
                        {
                            "id": "Laetiporus_sulphureus"
                        },
                        "Laetiporus_sulphureus_removed_scaffolds.txt:md5,9e683a21789e2035fadb4bf713fa2210"
                    ]
                ],
                "versions_autofilter": [
                    [
                        "AUTOFILTER_AUTOFILTER",
                        "autofilter",
                        "1.1.0"
                    ]
                ],
                "versions_python": [
                    [
                        "AUTOFILTER_AUTOFILTER",
                        "python",
                        "3.14.3"
                    ]
                ]
            }
        ],
        "timestamp": "2026-07-21T12:46:52.5477925",
        "meta": {
            "nf-test": "0.9.5",
            "nextflow": "25.10.4"
        }
    },
    "Laetiporus_sulphureus - fasta - stub": {
        "content": [
            {
                "0": [
                    [
                        {
                            "id": "Laetiporus_sulphureus"
                        },
                        "Laetiporus_sulphureus_autofiltered.txt:md5,d41d8cd98f00b204e9800998ecf8427e"
                    ]
                ],
                "1": [
                    [
                        {
                            "id": "Laetiporus_sulphureus"
                        },
                        "Laetiporus_sulphureus_removed_scaffolds.txt:md5,d41d8cd98f00b204e9800998ecf8427e"
                    ]
                ],
                "2": [
                    [
                        {
                            "id": "Laetiporus_sulphureus"
                        },
                        "Laetiporus_sulphureus_ABNORMAL_CHECK.csv:md5,d41d8cd98f00b204e9800998ecf8427e"
                    ]
                ],
                "3": [
                    [
                        "AUTOFILTER_AUTOFILTER",
                        "python",
                        "3.14.3"
                    ]
                ],
                "4": [
                    [
                        "AUTOFILTER_AUTOFILTER",
                        "autofilter",
                        ""
                    ]
                ],
                "fcs_tiara_summary": [
                    [
                        {
                            "id": "Laetiporus_sulphureus"
                        },
                        "Laetiporus_sulphureus_ABNORMAL_CHECK.csv:md5,d41d8cd98f00b204e9800998ecf8427e"
                    ]
                ],
                "keep_scaffs": [
                    [
                        {
                            "id": "Laetiporus_sulphureus"
                        },
                        "Laetiporus_sulphureus_autofiltered.txt:md5,d41d8cd98f00b204e9800998ecf8427e"
                    ]
                ],
                "remove_scaffolds": [
                    [
                        {
                            "id": "Laetiporus_sulphureus"
                        },
                        "Laetiporus_sulphureus_removed_scaffolds.txt:md5,d41d8cd98f00b204e9800998ecf8427e"
                    ]
                ],
                "versions_autofilter": [
                    [
                        "AUTOFILTER_AUTOFILTER",
                        "autofilter",
                        ""
                    ]
                ],
                "versions_python": [
                    [
                        "AUTOFILTER_AUTOFILTER",
                        "python",
                        "3.14.3"
                    ]
                ]
            }
        ],
        "timestamp": "2026-07-21T12:50:34.155922681",
        "meta": {
            "nf-test": "0.9.5",
            "nextflow": "25.10.4"
        }
    },
    "Laetiporus_sulphureus - fasta - decontaminated assembly": {
        "content": [
            {
                "0": [
                    [
                        {
                            "id": "Laetiporus_sulphureus"
                        },
                        "Laetiporus_sulphureus_autofiltered.txt:md5,58e0494c51d30eb3494f7c9198986bb9"
                    ]
                ],
                "1": [
                    [
                        {
                            "id": "Laetiporus_sulphureus"
                        },
                        "Laetiporus_sulphureus_ABNORMAL_CHECK.csv:md5,dc2c53e2507f161f65661c18cfc66720"
                    ]
                ],
                "2": [
                    [
                        {
                            "id": "Laetiporus_sulphureus"
                        },
                        "assembly_filtering_removed_sequences.txt:md5,6915491fd69d777926e278b40c0c3030"
                    ]
                ],
                "3": [
                    [
                        "AUTOFILTER_AUTOFILTER",
                        "python",
                        "3.14.3"
                    ]
                ],
                "4": [
                    [
                        "AUTOFILTER_AUTOFILTER",
                        "autofilter",
                        "1.1.0"
                    ]
                ],
                "decontaminated_scaffolds": [
                    [
                        {
                            "id": "Laetiporus_sulphureus"
                        },
                        "Laetiporus_sulphureus_autofiltered.txt:md5,58e0494c51d30eb3494f7c9198986bb9"
                    ]
                ],
                "fcs_tiara_summary": [
                    [
                        {
                            "id": "Laetiporus_sulphureus"
                        },
                        "Laetiporus_sulphureus_ABNORMAL_CHECK.csv:md5,dc2c53e2507f161f65661c18cfc66720"
                    ]
                ],
                "removed_seqs": [
                    [
                        {
                            "id": "Laetiporus_sulphureus"
                        },
                        "assembly_filtering_removed_sequences.txt:md5,6915491fd69d777926e278b40c0c3030"
                    ]
                ],
                "versions_autofilter": [
                    [
                        "AUTOFILTER_AUTOFILTER",
                        "autofilter",
                        "1.1.0"
                    ]
                ],
                "versions_python": [
                    [
                        "AUTOFILTER_AUTOFILTER",
                        "python",
                        "3.14.3"
                    ]
                ]
            }
        ],
        "timestamp": "2026-07-21T12:29:07.911673758",
        "meta": {
            "nf-test": "0.9.5",
            "nextflow": "25.10.4"
        }
    }
}
